ASxxxx Linker V03.00/V05.40 + sdld,  page 1.
Hexadecimal  [32-Bits]

Area                                    Addr        Size        Decimal Bytes (Attributes)
--------------------------------        ----        ----        ------- ----- ------------
.  .ABS.                            00000000    00000000 =           0. bytes (ABS,CON)

      Value  Global                              Global Defined In Module
      -----  --------------------------------   ------------------------
     00000000  .__.ABS.                           __gptrget
     00000000  __flag                             main
     00000000  l_CABS                          
     00000000  l_DABS                          
     00000000  l_HEADER                        
     00000000  l_PREG                          
     00000000  l_RSEG                          
     00000000  l__CODE                         
     00000000  s_CABS                          
     00000000  s_DABS                          
     00000000  s_HEADER                        
     00000000  s_HEADER1                       
     00000000  s_HEADER3                       
     00000000  s_PREG                          
     00000000  s_PREG2                         
     00000000  s_RSEG                          
     00000000  s_RSEG0                         
     00000000  s__CODE                         
     00000001  l_SSEG                          
     00000002  __sp                               main
     00000002  l_GSFINAL                       
     00000002  l_HEADER1                       
     00000002  l_HOME                          
     00000002  l_PREG2                         
     00000002  l_RSEG0                         
     00000002  s_DATA                          
     00000003  __clkmd                            main
     00000004  __inten                            main
     00000005  __intrq                            main
     00000006  __t16m                             main
     00000008  __misc                             main
     0000000A  __eoscr                            main
     0000000B  __ihrcr                            main
     0000000C  __integs                           main
     0000000D  __padier                           main
     0000000E  __pbdier                           main
     0000000E  l_OSEG                          
     0000000F  __misc2                            main
     00000010  __pa                               main
     00000011  __pac                              main
     00000012  __paph                             main
     00000013  __papl                             main
     00000014  __pb                               main
     00000014  l_HEADER3                       
     00000015  __pbc                              main
     00000016  __pbph                             main
     00000017  __pbpl                             main
     00000018  __gpcc                             main
     00000019  __gpcs                             main
     0000001A  __bgtr                             main
ASxxxx Linker V03.00/V05.40 + sdld,  page 2.
Hexadecimal  [32-Bits]

Area                                    Addr        Size        Decimal Bytes (Attributes)
--------------------------------        ----        ----        ------- ----- ------------
.  .ABS.                            00000000    00000000 =           0. bytes (ABS,CON)

      Value  Global                              Global Defined In Module
      -----  --------------------------------   ------------------------
     0000001B  __misclvr                          main
     0000001C  __tm2c                             main
     0000001D  __tm2ct                            main
     0000001E  __tm2s                             main
     0000001E  l_CONST                         
     0000001F  __tm2b                             main
     00000020  __ts                               main
     00000021  __tcc                              main
     00000022  __tke2                             main
     00000022  s_HOME                          
     00000024  __tke1                             main
     00000024  s_GSINIT                        
     00000026  __tps                              main
     00000028  __tps2                             main
     0000002B  __tkch                             main
     0000002C  __tkcl                             main
     0000002D  __lvdc                             main
     00000032  __tm3c                             main
     00000032  l_DATA                          
     00000033  __tm3ct                            main
     00000034  __tm3s                             main
     00000034  s_OSEG                          
     00000035  __tm3b                             main
     00000039  __ilrcr                            main
     0000003A  __rop                              main
     0000003E  l_GSINIT                        
     00000042  s_SSEG                          
     00000062  s_GSFINAL                       
     00000064  s_CODE                          
     0000043E  l_CODE                          
     000004A2  s_CONST                         
ASxxxx Linker V03.00/V05.40 + sdld,  page 3.
Hexadecimal  [32-Bits]

Area                                    Addr        Size        Decimal Bytes (Attributes)
--------------------------------        ----        ----        ------- ----- ------------
DATA                                00000002    00000032 =          50. bytes (REL,CON)

      Value  Global                              Global Defined In Module
      -----  --------------------------------   ------------------------
     00000002  _base_color                        main
     00000005  _highlight_color                   main
     00000008  _step                              main
     00000009  _state                             main
     0000000A  _pixel_buff                        main
     00000016  _fades                             main
     0000001A  _bytes                             main
     0000001B  _byte_t                            main
     0000001C  _byte_ctr                          main
     0000001D  _r_step                            main
     0000001E  _g_step                            main
     0000001F  _b_step                            main
     00000020  _button_ctr                        main
     00000021  _button_down                       main
     00000022  _led_update_delay_ms_cnt           main
     00000024  _state_update_delay_ms_cnt         main
     00000026  _touch_base                        main
     00000028  _last_touch                        main
     0000002A  _resample_count                    main

ASxxxx Linker V03.00/V05.40 + sdld,  page 4.
Hexadecimal  [32-Bits]

Area                                    Addr        Size        Decimal Bytes (Attributes)
--------------------------------        ----        ----        ------- ----- ------------
OSEG                                00000034    0000000E =          14. bytes (REL,OVR)

      Value  Global                              Global Defined In Module
      -----  --------------------------------   ------------------------
     00000034  ___memcpy_PARM_1                   __memcpy
     00000036  ___memcpy_PARM_2                   __memcpy
     00000038  ___memcpy_PARM_3                   __memcpy
ASxxxx Linker V03.00/V05.40 + sdld,  page 5.
Hexadecimal  [32-Bits]

Area                                    Addr        Size        Decimal Bytes (Attributes)
--------------------------------        ----        ----        ------- ----- ------------
RSEG0                               00000000    00000002 =           2. bytes (ABS,CON)

      Value  Global                              Global Defined In Module
      -----  --------------------------------   ------------------------
     00000000  __t16c                             main

ASxxxx Linker V03.00/V05.40 + sdld,  page 6.
Hexadecimal  [32-Bits]

Area                                    Addr        Size        Decimal Bytes (Attributes)
--------------------------------        ----        ----        ------- ----- ------------
SSEG                                00000042    00000001 =           1. bytes (REL,CON)

      Value  Global                              Global Defined In Module
      -----  --------------------------------   ------------------------
ASxxxx Linker V03.00/V05.40 + sdld,  page 7.
Hexadecimal  [32-Bits]

Area                                    Addr        Size        Decimal Bytes (Attributes)
--------------------------------        ----        ----        ------- ----- ------------
HOME                                00000022    00000002 =           2. bytes (REL,CON)

      Value  Global                              Global Defined In Module
      -----  --------------------------------   ------------------------
ASxxxx Linker V03.00/V05.40 + sdld,  page 8.
Hexadecimal  [32-Bits]

Area                                    Addr        Size        Decimal Bytes (Attributes)
--------------------------------        ----        ----        ------- ----- ------------
HEADER1                             00000000    00000002 =           2. bytes (ABS,CON)

      Value  Global                              Global Defined In Module
      -----  --------------------------------   ------------------------
ASxxxx Linker V03.00/V05.40 + sdld,  page 9.
Hexadecimal  [32-Bits]

Area                                    Addr        Size        Decimal Bytes (Attributes)
--------------------------------        ----        ----        ------- ----- ------------
GSINIT                              00000024    0000003E =          62. bytes (REL,CON)

      Value  Global                              Global Defined In Module
      -----  --------------------------------   ------------------------
ASxxxx Linker V03.00/V05.40 + sdld,  page 10.
Hexadecimal  [32-Bits]

Area                                    Addr        Size        Decimal Bytes (Attributes)
--------------------------------        ----        ----        ------- ----- ------------
GSFINAL                             00000062    00000002 =           2. bytes (REL,CON)

      Value  Global                              Global Defined In Module
      -----  --------------------------------   ------------------------
ASxxxx Linker V03.00/V05.40 + sdld,  page 11.
Hexadecimal  [32-Bits]

Area                                    Addr        Size        Decimal Bytes (Attributes)
--------------------------------        ----        ----        ------- ----- ------------
PREG2                               00000000    00000002 =           2. bytes (ABS,CON)

      Value  Global                              Global Defined In Module
      -----  --------------------------------   ------------------------
     00000000  p                                  main

ASxxxx Linker V03.00/V05.40 + sdld,  page 12.
Hexadecimal  [32-Bits]

Area                                    Addr        Size        Decimal Bytes (Attributes)
--------------------------------        ----        ----        ------- ----- ------------
HEADER3                             00000000    00000014 =          20. bytes (ABS,CON)

      Value  Global                              Global Defined In Module
      -----  --------------------------------   ------------------------
ASxxxx Linker V03.00/V05.40 + sdld,  page 13.
Hexadecimal  [32-Bits]

Area                                    Addr        Size        Decimal Bytes (Attributes)
--------------------------------        ----        ----        ------- ----- ------------
CODE                                00000064    0000043E =        1086. bytes (REL,CON)

      Value  Global                              Global Defined In Module
      -----  --------------------------------   ------------------------
     00000064  _touch_init                        main
     00000076  _sys_clk_init                      main
     0000007C  _led_init                          main
     00000080  _timer_init                        main
     0000008E  _output_leds                       main
     000000B4  _read_touch_raw                    main
     000000CC  _state_check                       main
     0000023C  _handle_state_update               main
     000002D2  _button_check                      main
     0000033A  _handle_tick                       main
     0000040C  _main                              main
     00000436  ___memcpy                          __memcpy
     00000488  ___sdcc_external_startup           _startup
     0000048A  __gptrget                          __gptrget

ASxxxx Linker V03.00/V05.40 + sdld,  page 14.
Hexadecimal  [32-Bits]

Area                                    Addr        Size        Decimal Bytes (Attributes)
--------------------------------        ----        ----        ------- ----- ------------
CONST                               000004A2    0000001E =          30. bytes (REL,CON)

      Value  Global                              Global Defined In Module
      -----  --------------------------------   ------------------------
     000004A2  _orange_base_color                 main
     000004A8  _orange_highlight_color            main
     000004AE  _blue_base_color                   main
     000004B4  _blue_highlight_color              main
     000004BA  _off_color                         main

ASxxxx Linker V03.00/V05.40 + sdld,  page 15.

Files Linked                              [ module(s) ]

build/iflfu_pfc161.rel                    [ main ]


Libraries Linked                          [ object file ]

/usr/bin/../share/sdcc/lib/pdk14/pdk14.lib
                                          [ __memcpy.rel ]
/usr/bin/../share/sdcc/lib/pdk14/pdk14.lib
                                          [ _startup.rel ]
/usr/bin/../share/sdcc/lib/pdk14/pdk14.lib
                                          [ __gptrget.rel ]

ASxxxx Linker V03.00/V05.40 + sdld,  page 16.

User Base Address Definitions

HOME = 0x0022
DATA = 0x0002

