ASxxxx Linker V03.00/V05.40 + sdld,  page 1.
Hexadecimal  [32-Bits]

Area                                    Addr        Size        Decimal Bytes (Attributes)
--------------------------------        ----        ----        ------- ----- ------------
.  .ABS.                            00000000    00000000 =           0. bytes (ABS,CON)

      Value  Global                              Global Defined In Module
      -----  --------------------------------   ------------------------
     00000000  .__.ABS.                           __gptrget
     00000000  __flag                             main
     00000000  l_CABS                          
     00000000  l_DABS                          
     00000000  l_HEADER                        
     00000000  l_PREG                          
     00000000  l_RSEG                          
     00000000  l__CODE                         
     00000000  s_CABS                          
     00000000  s_DABS                          
     00000000  s_HEADER                        
     00000000  s_HEADER1                       
     00000000  s_HEADER3                       
     00000000  s_PREG                          
     00000000  s_PREG2                         
     00000000  s_RSEG                          
     00000000  s_RSEG0                         
     00000000  s__CODE                         
     00000001  l_SSEG                          
     00000002  __sp                               main
     00000002  l_GSFINAL                       
     00000002  l_HEADER1                       
     00000002  l_HOME                          
     00000002  l_PREG2                         
     00000002  l_RSEG0                         
     00000002  s_DATA                          
     00000003  __clkmd                            main
     00000004  __inten                            main
     00000005  __intrq                            main
     00000006  __t16m                             main
     00000008  __misc                             main
     0000000A  __eoscr                            main
     0000000B  __ihrcr                            main
     0000000C  __integs                           main
     0000000D  __padier                           main
     0000000E  __pbdier                           main
     0000000E  l_OSEG                          
     0000000F  __misc2                            main
     00000010  __pa                               main
     00000011  __pac                              main
     00000012  __paph                             main
     00000013  __papl                             main
     00000014  __pb                               main
     00000014  l_HEADER3                       
     00000015  __pbc                              main
     00000016  __pbph                             main
     00000017  __pbpl                             main
     00000018  __gpcc                             main
     00000019  __gpcs                             main
     0000001A  __bgtr                             main
ASxxxx Linker V03.00/V05.40 + sdld,  page 2.
Hexadecimal  [32-Bits]

Area                                    Addr        Size        Decimal Bytes (Attributes)
--------------------------------        ----        ----        ------- ----- ------------
.  .ABS.                            00000000    00000000 =           0. bytes (ABS,CON)

      Value  Global                              Global Defined In Module
      -----  --------------------------------   ------------------------
     0000001B  __misclvr                          main
     0000001C  __tm2c                             main
     0000001D  __tm2ct                            main
     0000001E  __tm2s                             main
     0000001E  l_CONST                         
     0000001F  __tm2b                             main
     00000020  __ts                               main
     00000021  __tcc                              main
     00000022  __tke2                             main
     00000022  s_HOME                          
     00000024  __tke1                             main
     00000024  s_GSINIT                        
     00000026  __tps                              main
     00000028  __tps2                             main
     0000002B  __tkch                             main
     0000002C  __tkcl                             main
     0000002D  __lvdc                             main
     00000032  __tm3c                             main
     00000033  __tm3ct                            main
     00000034  __tm3s                             main
     00000035  __tm3b                             main
     00000036  l_DATA                          
     00000038  s_OSEG                          
     00000039  __ilrcr                            main
     0000003A  __rop                              main
     00000040  l_GSINIT                        
     00000046  s_SSEG                          
     00000064  s_GSFINAL                       
     00000066  s_CODE                          
     0000048A  l_CODE                          
     000004F0  s_CONST                         
ASxxxx Linker V03.00/V05.40 + sdld,  page 3.
Hexadecimal  [32-Bits]

Area                                    Addr        Size        Decimal Bytes (Attributes)
--------------------------------        ----        ----        ------- ----- ------------
DATA                                00000002    00000036 =          54. bytes (REL,CON)

      Value  Global                              Global Defined In Module
      -----  --------------------------------   ------------------------
     00000002  _uart_tx_byte_PARM_1               main
     00000005  _base_color                        main
     00000008  _highlight_color                   main
     0000000B  _step                              main
     0000000C  _state                             main
     0000000D  _pixel_buff                        main
     00000019  _fades                             main
     0000001D  _bytes                             main
     0000001E  _byte_t                            main
     0000001F  _byte_ctr                          main
     00000020  _r_step                            main
     00000021  _g_step                            main
     00000022  _b_step                            main
     00000023  _button_ctr                        main
     00000024  _button_down                       main
     00000025  _led_update_delay_ms_cnt           main
     00000027  _state_update_delay_ms_cnt         main
     00000029  _touch_base                        main
     0000002B  _last_touch                        main
     0000002D  _resample_count                    main

ASxxxx Linker V03.00/V05.40 + sdld,  page 4.
Hexadecimal  [32-Bits]

Area                                    Addr        Size        Decimal Bytes (Attributes)
--------------------------------        ----        ----        ------- ----- ------------
OSEG                                00000038    0000000E =          14. bytes (REL,OVR)

      Value  Global                              Global Defined In Module
      -----  --------------------------------   ------------------------
     00000038  ___memcpy_PARM_1                   __memcpy
     00000038  _delay_cycles_PARM_1               main
     0000003A  ___memcpy_PARM_2                   __memcpy
     0000003C  ___memcpy_PARM_3                   __memcpy

ASxxxx Linker V03.00/V05.40 + sdld,  page 5.
Hexadecimal  [32-Bits]

Area                                    Addr        Size        Decimal Bytes (Attributes)
--------------------------------        ----        ----        ------- ----- ------------
RSEG0                               00000000    00000002 =           2. bytes (ABS,CON)

      Value  Global                              Global Defined In Module
      -----  --------------------------------   ------------------------
     00000000  __t16c                             main

ASxxxx Linker V03.00/V05.40 + sdld,  page 6.
Hexadecimal  [32-Bits]

Area                                    Addr        Size        Decimal Bytes (Attributes)
--------------------------------        ----        ----        ------- ----- ------------
SSEG                                00000046    00000001 =           1. bytes (REL,CON)

      Value  Global                              Global Defined In Module
      -----  --------------------------------   ------------------------
ASxxxx Linker V03.00/V05.40 + sdld,  page 7.
Hexadecimal  [32-Bits]

Area                                    Addr        Size        Decimal Bytes (Attributes)
--------------------------------        ----        ----        ------- ----- ------------
HOME                                00000022    00000002 =           2. bytes (REL,CON)

      Value  Global                              Global Defined In Module
      -----  --------------------------------   ------------------------
ASxxxx Linker V03.00/V05.40 + sdld,  page 8.
Hexadecimal  [32-Bits]

Area                                    Addr        Size        Decimal Bytes (Attributes)
--------------------------------        ----        ----        ------- ----- ------------
HEADER1                             00000000    00000002 =           2. bytes (ABS,CON)

      Value  Global                              Global Defined In Module
      -----  --------------------------------   ------------------------
ASxxxx Linker V03.00/V05.40 + sdld,  page 9.
Hexadecimal  [32-Bits]

Area                                    Addr        Size        Decimal Bytes (Attributes)
--------------------------------        ----        ----        ------- ----- ------------
GSINIT                              00000024    00000040 =          64. bytes (REL,CON)

      Value  Global                              Global Defined In Module
      -----  --------------------------------   ------------------------
ASxxxx Linker V03.00/V05.40 + sdld,  page 10.
Hexadecimal  [32-Bits]

Area                                    Addr        Size        Decimal Bytes (Attributes)
--------------------------------        ----        ----        ------- ----- ------------
GSFINAL                             00000064    00000002 =           2. bytes (REL,CON)

      Value  Global                              Global Defined In Module
      -----  --------------------------------   ------------------------
ASxxxx Linker V03.00/V05.40 + sdld,  page 11.
Hexadecimal  [32-Bits]

Area                                    Addr        Size        Decimal Bytes (Attributes)
--------------------------------        ----        ----        ------- ----- ------------
PREG2                               00000000    00000002 =           2. bytes (ABS,CON)

      Value  Global                              Global Defined In Module
      -----  --------------------------------   ------------------------
     00000000  p                                  main

ASxxxx Linker V03.00/V05.40 + sdld,  page 12.
Hexadecimal  [32-Bits]

Area                                    Addr        Size        Decimal Bytes (Attributes)
--------------------------------        ----        ----        ------- ----- ------------
HEADER3                             00000000    00000014 =          20. bytes (ABS,CON)

      Value  Global                              Global Defined In Module
      -----  --------------------------------   ------------------------
ASxxxx Linker V03.00/V05.40 + sdld,  page 13.
Hexadecimal  [32-Bits]

Area                                    Addr        Size        Decimal Bytes (Attributes)
--------------------------------        ----        ----        ------- ----- ------------
CODE                                00000066    0000048A =        1162. bytes (REL,CON)

      Value  Global                              Global Defined In Module
      -----  --------------------------------   ------------------------
     00000066  _delay_cycles                      main
     00000084  _uart_tx_byte                      main
     000000C4  _touch_init                        main
     000000D6  _sys_clk_init                      main
     000000DC  _led_init                          main
     000000E0  _timer_init                        main
     000000EE  _output_leds                       main
     00000114  _read_touch_raw                    main
     0000012C  _state_check                       main
     0000029C  _handle_state_update               main
     00000332  _button_check                      main
     00000368  _handle_tick                       main
     0000043A  _main                              main
     00000484  ___memcpy                          __memcpy
     000004D6  ___sdcc_external_startup           _startup
     000004D8  __gptrget                          __gptrget

ASxxxx Linker V03.00/V05.40 + sdld,  page 14.
Hexadecimal  [32-Bits]

Area                                    Addr        Size        Decimal Bytes (Attributes)
--------------------------------        ----        ----        ------- ----- ------------
CONST                               000004F0    0000001E =          30. bytes (REL,CON)

      Value  Global                              Global Defined In Module
      -----  --------------------------------   ------------------------
     000004F0  _orange_base_color                 main
     000004F6  _orange_highlight_color            main
     000004FC  _blue_base_color                   main
     00000502  _blue_highlight_color              main
     00000508  _off_color                         main

ASxxxx Linker V03.00/V05.40 + sdld,  page 15.

Files Linked                              [ module(s) ]

build/iflfu_pfc161.rel                    [ main ]


Libraries Linked                          [ object file ]

/usr/bin/../share/sdcc/lib/pdk14/pdk14.lib
                                          [ __memcpy.rel ]
/usr/bin/../share/sdcc/lib/pdk14/pdk14.lib
                                          [ _startup.rel ]
/usr/bin/../share/sdcc/lib/pdk14/pdk14.lib
                                          [ __gptrget.rel ]

ASxxxx Linker V03.00/V05.40 + sdld,  page 16.

User Base Address Definitions

HOME = 0x0022
DATA = 0x0002

